e: file:///C:/Users/jaswa/Downloads/Attandence%20App/AttendX/app/src/main/java/com/attendx/app/ui/screens/dashboard/DashboardViewModel.kt:66:15 Argument type mismatch: actual type is 'kotlin.coroutines.SuspendFunction6<kotlin.Array<T>, ERROR CLASS: Cannot infer type for parameter slots, ERROR CLASS: Cannot infer type for parameter present, ERROR CLASS: Cannot infer type for parameter total, ERROR CLASS: Cannot infer type for parameter absent, ERROR CLASS: Cannot infer type for parameter presentDates, R>', but 'kotlin.coroutines.SuspendFunction1<kotlin.Array<T>, R>' was expected.
e: file:///C:/Users/jaswa/Downloads/Attandence%20App/AttendX/app/src/main/java/com/attendx/app/ui/screens/dashboard/DashboardViewModel.kt:66:27 Cannot infer type for this parameter. Please specify it explicitly.
e: file:///C:/Users/jaswa/Downloads/Attandence%20App/AttendX/app/src/main/java/com/attendx/app/ui/screens/dashboard/DashboardViewModel.kt:66:34 Cannot infer type for this parameter. Please specify it explicitly.
e: file:///C:/Users/jaswa/Downloads/Attandence%20App/AttendX/app/src/main/java/com/attendx/app/ui/screens/dashboard/DashboardViewModel.kt:66:43 Cannot infer type for this parameter. Please specify it explicitly.
e: file:///C:/Users/jaswa/Downloads/Attandence%20App/AttendX/app/src/main/java/com/attendx/app/ui/screens/dashboard/DashboardViewModel.kt:66:50 Cannot infer type for this parameter. Please specify it explicitly.
e: file:///C:/Users/jaswa/Downloads/Attandence%20App/AttendX/app/src/main/java/com/attendx/app/ui/screens/dashboard/DashboardViewModel.kt:66:58 Cannot infer type for this parameter. Please specify it explicitly.
e: file:///C:/Users/jaswa/Downloads/Attandence%20App/AttendX/app/src/main/java/com/attendx/app/ui/screens/dashboard/DashboardViewModel.kt:68:85 Unresolved reference 'id'.
e: file:///C:/Users/jaswa/Downloads/Attandence%20App/AttendX/app/src/main/java/com/attendx/app/ui/screens/dashboard/DashboardViewModel.kt:69:83 Unresolved reference 'id'.
e: file:///C:/Users/jaswa/Downloads/Attandence%20App/AttendX/app/src/main/java/com/attendx/app/ui/screens/dashboard/DashboardViewModel.kt:75:43 Argument type mismatch: actual type is 'kotlin.Any', but 'com.attendx.app.data.local.entity.Subject' was expected.
e: file:///C:/Users/jaswa/Downloads/Attandence%20App/AttendX/app/src/main/java/com/attendx/app/ui/screens/dashboard/DashboardViewModel.kt:85:32 Argument type mismatch: actual type is 'kotlin.Array<kotlin.Any>', but 'kotlin.collections.List<com.attendx.app.data.local.entity.Subject>' was expected.
